// Jest Snapshot v1, https://goo.gl/fbAQLP

exports[`text error tests test error renders when touched and error message 1`] = `
<Text
  style={
    [
      {
        "color": "rgba(28, 27, 31, 1)",
        "fontFamily": "System",
        "fontSize": 11,
        "fontWeight": "500",
        "letterSpacing": 0.5,
        "lineHeight": 16,
      },
      {
        "textAlign": "left",
      },
      {
        "writingDirection": "ltr",
      },
      {
        "color": "red",
        "marginLeft": 5,
      },
    ]
  }
>
  error
</Text>
`;
