// Jest Snapshot v1, https://goo.gl/fbAQLP

exports[`chevron renders correctly 1`] = `
<View
  collapsable={false}
  style={
    {
      "backgroundColor": undefined,
      "borderColor": undefined,
      "borderRadius": 18,
      "borderWidth": 0,
      "elevation": 0,
      "height": 36,
      "margin": 6,
      "overflow": "hidden",
      "width": 36,
    }
  }
>
  <View
    accessibilityComponentType="button"
    accessibilityRole="button"
    accessibilityState={
      {
        "disabled": true,
      }
    }
    accessibilityTraits="button"
    accessible={true}
    centered={true}
    collapsable={false}
    focusable={true}
    hitSlop={
      {
        "bottom": 6,
        "left": 6,
        "right": 6,
        "top": 6,
      }
    }
    onBlur={[Function]}
    onClick={[Function]}
    onFocus={[Function]}
    onResponderGrant={[Function]}
    onResponderMove={[Function]}
    onResponderRelease={[Function]}
    onResponderTerminate={[Function]}
    onResponderTerminationRequest={[Function]}
    onStartShouldSetResponder={[Function]}
    style={
      [
        {
          "overflow": "hidden",
        },
        false,
        [
          {
            "alignItems": "center",
            "flexGrow": 1,
            "justifyContent": "center",
          },
          {
            "borderRadius": 18,
          },
        ],
      ]
    }
  >
    <Text
      accessibilityElementsHidden={true}
      allowFontScaling={false}
      importantForAccessibility="no-hide-descendants"
      pointerEvents="none"
      selectable={false}
      style={
        [
          {
            "color": "rgba(73, 69, 79, 1)",
            "fontSize": 24,
          },
          [
            {
              "lineHeight": 24,
              "transform": [
                {
                  "scaleX": 1,
                },
              ],
            },
            {
              "backgroundColor": "transparent",
            },
          ],
          {
            "fontFamily": "Material Design Icons",
            "fontStyle": "normal",
            "fontWeight": "normal",
          },
          {},
        ]
      }
    >
      ó°…‚
    </Text>
  </View>
</View>
`;
